2026-08-06 11:25:00 | INFO    | __main__ | Training multimodal model 'multimodal'.
2026-08-06 11:25:00 | INFO    | datasets.loader | Found 253 NIfTI volumes and 253 metadata rows.
2026-08-06 11:25:00 | INFO    | datasets.loader | Built manifest: 253 images across 253 patients.
2026-08-06 11:25:00 | INFO    | training.pipeline | Manifest: 253 images, 253 patients, classes=['no pCR', 'pCR']
2026-08-06 11:25:00 | INFO    | datasets.split | Split: 177 train / 38 val / 38 test patients (177 / 38 / 38 images)
2026-08-06 11:25:00 | INFO    | datasets.preprocess | TabularPreprocessor fit: 3 numeric, 3 categorical -> 17 features
2026-08-06 11:25:02 | INFO    | models.image_encoder | ImageEncoder(resnet50) built: out_dim=512, freeze=True
2026-08-06 11:25:02 | INFO    | models.multimodal | MultimodalModel built: image_dim=512 clinical_dim=17 head_in=544 classes=2
2026-08-06 11:25:02 | INFO    | training.feature_cache | Loaded feature cache 'resnet50_224' with 253 entries.
2026-08-06 11:25:03 | INFO    | training.trainer | Epoch 1/30 | train loss 0.6919 acc 0.593 | val loss 0.6880 acc 0.711
2026-08-06 11:25:04 | INFO    | training.trainer | Epoch 2/30 | train loss 0.6846 acc 0.610 | val loss 0.6856 acc 0.632
2026-08-06 11:25:04 | INFO    | training.trainer | Epoch 3/30 | train loss 0.6787 acc 0.678 | val loss 0.6838 acc 0.711
2026-08-06 11:25:05 | INFO    | training.trainer | Epoch 4/30 | train loss 0.6720 acc 0.667 | val loss 0.6817 acc 0.658
2026-08-06 11:25:06 | INFO    | training.trainer | Epoch 5/30 | train loss 0.6703 acc 0.667 | val loss 0.6805 acc 0.632
2026-08-06 11:25:06 | INFO    | training.trainer | Epoch 6/30 | train loss 0.6549 acc 0.729 | val loss 0.6815 acc 0.684
2026-08-06 11:25:06 | INFO    | training.trainer | Epoch 7/30 | train loss 0.6539 acc 0.729 | val loss 0.6816 acc 0.684
2026-08-06 11:25:07 | INFO    | training.trainer | Epoch 8/30 | train loss 0.6566 acc 0.734 | val loss 0.6792 acc 0.658
2026-08-06 11:25:07 | INFO    | training.trainer | Epoch 9/30 | train loss 0.6499 acc 0.723 | val loss 0.6795 acc 0.711
2026-08-06 11:25:07 | INFO    | training.trainer | Early stopping triggered after epoch 9.
2026-08-06 11:25:07 | INFO    | training.pipeline | Test: accuracy=0.658 f1=0.572 auc=0.696
2026-08-06 11:25:08 | INFO    | evaluation.report | Saved 2 figures to outputs/figures
2026-08-06 11:25:08 | INFO    | evaluation.report | Saved summary to outputs
2026-08-06 11:28:08 | INFO    | __main__ | Training multimodal model 'multimodal'.
2026-08-06 11:28:08 | INFO    | datasets.loader | Found 253 NIfTI volumes and 253 metadata rows.
2026-08-06 11:28:10 | INFO    | datasets.loader | Built manifest: 253 images across 253 patients.
2026-08-06 11:28:10 | INFO    | training.pipeline | Manifest: 253 images, 253 patients, classes=['no pCR', 'pCR']
2026-08-06 11:28:10 | INFO    | datasets.split | Split: 177 train / 38 val / 38 test patients (177 / 38 / 38 images)
2026-08-06 11:28:10 | INFO    | datasets.preprocess | TabularPreprocessor fit: 3 numeric, 3 categorical -> 17 features
2026-08-06 11:28:13 | INFO    | models.image_encoder | ImageEncoder(resnet50) built: out_dim=512, freeze=True
2026-08-06 11:28:13 | INFO    | models.multimodal | MultimodalModel built: image_dim=512 clinical_dim=17 head_in=544 classes=2
2026-08-06 11:28:13 | INFO    | training.feature_cache | Loaded feature cache 'resnet50_224' with 253 entries.
2026-08-06 11:28:14 | INFO    | training.trainer | Epoch 1/30 | train loss 0.6919 acc 0.593 | val loss 0.6880 acc 0.711 auc 0.622
2026-08-06 11:28:15 | INFO    | training.trainer | Epoch 2/30 | train loss 0.6846 acc 0.610 | val loss 0.6856 acc 0.632 auc 0.596
2026-08-06 11:28:16 | INFO    | training.trainer | Epoch 3/30 | train loss 0.6787 acc 0.678 | val loss 0.6838 acc 0.711 auc 0.603
2026-08-06 11:28:17 | INFO    | training.trainer | Epoch 4/30 | train loss 0.6720 acc 0.667 | val loss 0.6817 acc 0.658 auc 0.603
2026-08-06 11:28:18 | INFO    | training.trainer | Epoch 5/30 | train loss 0.6703 acc 0.667 | val loss 0.6805 acc 0.632 auc 0.606
2026-08-06 11:28:20 | INFO    | training.trainer | Epoch 6/30 | train loss 0.6549 acc 0.729 | val loss 0.6815 acc 0.684 auc 0.577
2026-08-06 11:28:22 | INFO    | training.trainer | Epoch 7/30 | train loss 0.6539 acc 0.729 | val loss 0.6816 acc 0.684 auc 0.587
2026-08-06 11:28:25 | INFO    | training.trainer | Epoch 8/30 | train loss 0.6566 acc 0.734 | val loss 0.6792 acc 0.658 auc 0.583
2026-08-06 11:28:26 | INFO    | training.trainer | Epoch 9/30 | train loss 0.6499 acc 0.723 | val loss 0.6795 acc 0.711 auc 0.583
2026-08-06 11:28:26 | INFO    | training.trainer | Early stopping triggered after epoch 9.
2026-08-06 11:28:27 | INFO    | training.pipeline | Test: accuracy=0.658 f1=0.572 auc=0.696
2026-08-06 11:28:31 | INFO    | evaluation.report | Saved 2 figures to outputs/figures
2026-08-06 11:28:31 | INFO    | evaluation.report | Saved summary to outputs
2026-08-06 12:10:56 | INFO    | __main__ | Training multimodal model 'multimodal'.
2026-08-06 12:10:56 | INFO    | datasets.loader | Found 253 NIfTI volumes and 253 metadata rows.
2026-08-06 12:10:57 | INFO    | datasets.loader | Built manifest: 253 images across 253 patients.
2026-08-06 12:10:57 | INFO    | training.pipeline | Manifest: 253 images, 253 patients, classes=['no pCR', 'pCR']
2026-08-06 12:10:57 | INFO    | datasets.split | Split: 177 train / 38 val / 38 test patients (177 / 38 / 38 images)
2026-08-06 12:10:57 | INFO    | datasets.preprocess | TabularPreprocessor fit: 3 numeric, 3 categorical -> 17 features
2026-08-06 12:11:00 | INFO    | models.image_encoder | ImageEncoder(resnet50) built: out_dim=512, freeze=True
2026-08-06 12:11:00 | INFO    | models.multimodal | MultimodalModel built: image_dim=512 clinical_dim=17 head_in=544 classes=2
2026-08-06 12:11:00 | INFO    | training.feature_cache | Loaded feature cache 'resnet50_224' with 253 entries.
2026-08-06 12:11:01 | INFO    | training.trainer | Epoch 1/30 | train loss 0.6919 acc 0.593 | val loss 0.6880 acc 0.711 auc 0.622
2026-08-06 12:11:14 | INFO    | training.trainer | Epoch 2/30 | train loss 0.6846 acc 0.610 | val loss 0.6856 acc 0.632 auc 0.596
2026-08-06 12:11:15 | INFO    | training.trainer | Epoch 3/30 | train loss 0.6787 acc 0.678 | val loss 0.6838 acc 0.711 auc 0.603
2026-08-06 12:11:16 | INFO    | training.trainer | Epoch 4/30 | train loss 0.6720 acc 0.667 | val loss 0.6817 acc 0.658 auc 0.603
2026-08-06 12:11:17 | INFO    | training.trainer | Epoch 5/30 | train loss 0.6703 acc 0.667 | val loss 0.6805 acc 0.632 auc 0.606
2026-08-06 12:11:18 | INFO    | training.trainer | Epoch 6/30 | train loss 0.6549 acc 0.729 | val loss 0.6815 acc 0.684 auc 0.577
2026-08-06 12:11:18 | INFO    | training.trainer | Epoch 7/30 | train loss 0.6539 acc 0.729 | val loss 0.6816 acc 0.684 auc 0.587
2026-08-06 12:11:19 | INFO    | training.trainer | Epoch 8/30 | train loss 0.6566 acc 0.734 | val loss 0.6792 acc 0.658 auc 0.583
2026-08-06 12:11:19 | INFO    | training.trainer | Epoch 9/30 | train loss 0.6499 acc 0.723 | val loss 0.6795 acc 0.711 auc 0.583
2026-08-06 12:11:19 | INFO    | training.trainer | Early stopping triggered after epoch 9.
2026-08-06 12:11:20 | INFO    | training.pipeline | Test: accuracy=0.658 f1=0.572 auc=0.696
2026-08-06 12:11:27 | INFO    | evaluation.report | Saved 3 figures to outputs/figures
2026-08-06 12:11:27 | INFO    | evaluation.report | Saved summary to outputs
