2026-08-06 11:09:10 | INFO    | __main__ | Training unimodal model 'unimodal'.
2026-08-06 11:09:12 | INFO    | datasets.loader | Found 253 NIfTI volumes and 253 metadata rows.
2026-08-06 11:09:14 | INFO    | datasets.loader | Built manifest: 253 images across 253 patients.
2026-08-06 11:09:14 | INFO    | training.pipeline | Manifest: 253 images, 253 patients, classes=['no pCR', 'pCR']
2026-08-06 11:09:14 | INFO    | datasets.split | Split: 177 train / 38 val / 38 test patients (177 / 38 / 38 images)
2026-08-06 11:20:23 | INFO    | models.image_encoder | ImageEncoder(resnet50) built: out_dim=512, freeze=True
2026-08-06 11:20:23 | INFO    | models.unimodal | UnimodalModel built: image_dim=512 hidden=[128] classes=2
2026-08-06 11:20:29 | INFO    | models.image_encoder | ImageEncoder(resnet50) built: out_dim=512, freeze=True
2026-08-06 11:23:17 | INFO    | training.feature_cache | Saved feature cache 'resnet50_224' with 253 entries.
2026-08-06 11:23:18 | INFO    | training.trainer | Epoch 1/30 | train loss 0.6919 acc 0.638 | val loss 0.6930 acc 0.684
2026-08-06 11:23:24 | INFO    | training.trainer | Epoch 2/30 | train loss 0.6867 acc 0.633 | val loss 0.6914 acc 0.605
2026-08-06 11:23:25 | INFO    | training.trainer | Epoch 3/30 | train loss 0.6785 acc 0.718 | val loss 0.6905 acc 0.632
2026-08-06 11:23:26 | INFO    | training.trainer | Epoch 4/30 | train loss 0.6762 acc 0.661 | val loss 0.6894 acc 0.632
2026-08-06 11:23:27 | INFO    | training.trainer | Epoch 5/30 | train loss 0.6685 acc 0.706 | val loss 0.6871 acc 0.684
2026-08-06 11:23:27 | INFO    | training.trainer | Epoch 6/30 | train loss 0.6659 acc 0.689 | val loss 0.6853 acc 0.553
2026-08-06 11:23:28 | INFO    | training.trainer | Epoch 7/30 | train loss 0.6633 acc 0.701 | val loss 0.6847 acc 0.684
2026-08-06 11:23:28 | INFO    | training.trainer | Epoch 8/30 | train loss 0.6610 acc 0.667 | val loss 0.6863 acc 0.658
2026-08-06 11:23:29 | INFO    | training.trainer | Epoch 9/30 | train loss 0.6544 acc 0.718 | val loss 0.6842 acc 0.632
2026-08-06 11:23:29 | INFO    | training.trainer | Early stopping triggered after epoch 9.
2026-08-06 11:23:30 | INFO    | training.pipeline | Test: accuracy=0.711 f1=0.490 auc=0.458
2026-08-06 11:23:31 | INFO    | evaluation.report | Saved 2 figures to outputs/figures
2026-08-06 11:23:32 | INFO    | evaluation.report | Saved summary to outputs
2026-08-06 11:27:22 | INFO    | __main__ | Training unimodal model 'unimodal'.
2026-08-06 11:27:22 | INFO    | datasets.loader | Found 253 NIfTI volumes and 253 metadata rows.
2026-08-06 11:27:23 | INFO    | datasets.loader | Built manifest: 253 images across 253 patients.
2026-08-06 11:27:23 | INFO    | training.pipeline | Manifest: 253 images, 253 patients, classes=['no pCR', 'pCR']
2026-08-06 11:27:23 | INFO    | datasets.split | Split: 177 train / 38 val / 38 test patients (177 / 38 / 38 images)
2026-08-06 11:27:25 | INFO    | models.image_encoder | ImageEncoder(resnet50) built: out_dim=512, freeze=True
2026-08-06 11:27:25 | INFO    | models.unimodal | UnimodalModel built: image_dim=512 hidden=[128] classes=2
2026-08-06 11:27:25 | INFO    | training.feature_cache | Loaded feature cache 'resnet50_224' with 253 entries.
2026-08-06 11:27:25 | INFO    | training.trainer | Epoch 1/30 | train loss 0.6913 acc 0.627 | val loss 0.6920 acc 0.684 auc 0.577
2026-08-06 11:27:27 | INFO    | training.trainer | Epoch 2/30 | train loss 0.6803 acc 0.633 | val loss 0.6916 acc 0.632 auc 0.580
2026-08-06 11:27:30 | INFO    | training.trainer | Epoch 3/30 | train loss 0.6805 acc 0.638 | val loss 0.6901 acc 0.658 auc 0.548
2026-08-06 11:27:30 | INFO    | training.trainer | Epoch 4/30 | train loss 0.6760 acc 0.672 | val loss 0.6888 acc 0.658 auc 0.561
2026-08-06 11:27:31 | INFO    | training.trainer | Epoch 5/30 | train loss 0.6692 acc 0.701 | val loss 0.6869 acc 0.632 auc 0.577
2026-08-06 11:27:32 | INFO    | training.trainer | Epoch 6/30 | train loss 0.6607 acc 0.689 | val loss 0.6852 acc 0.605 auc 0.587
2026-08-06 11:27:36 | INFO    | training.trainer | Epoch 7/30 | train loss 0.6552 acc 0.734 | val loss 0.6844 acc 0.605 auc 0.577
2026-08-06 11:27:36 | INFO    | training.trainer | Epoch 8/30 | train loss 0.6522 acc 0.706 | val loss 0.6842 acc 0.684 auc 0.574
2026-08-06 11:27:37 | INFO    | training.trainer | Epoch 9/30 | train loss 0.6509 acc 0.712 | val loss 0.6845 acc 0.684 auc 0.567
2026-08-06 11:27:38 | INFO    | training.trainer | Epoch 10/30 | train loss 0.6431 acc 0.740 | val loss 0.6835 acc 0.632 auc 0.561
2026-08-06 11:27:38 | INFO    | training.trainer | Epoch 11/30 | train loss 0.6452 acc 0.712 | val loss 0.6846 acc 0.684 auc 0.558
2026-08-06 11:27:39 | INFO    | training.trainer | Epoch 12/30 | train loss 0.6467 acc 0.678 | val loss 0.6827 acc 0.605 auc 0.571
2026-08-06 11:27:39 | INFO    | training.trainer | Epoch 13/30 | train loss 0.6354 acc 0.678 | val loss 0.6822 acc 0.605 auc 0.571
2026-08-06 11:27:40 | INFO    | training.trainer | Epoch 14/30 | train loss 0.6390 acc 0.718 | val loss 0.6840 acc 0.684 auc 0.564
2026-08-06 11:27:40 | INFO    | training.trainer | Early stopping triggered after epoch 14.
2026-08-06 11:27:40 | INFO    | training.pipeline | Test: accuracy=0.526 f1=0.504 auc=0.500
2026-08-06 11:27:42 | INFO    | evaluation.report | Saved 2 figures to outputs/figures
2026-08-06 11:27:42 | INFO    | evaluation.report | Saved summary to outputs
2026-08-06 12:09:06 | INFO    | __main__ | Training unimodal model 'unimodal'.
2026-08-06 12:09:06 | INFO    | datasets.loader | Found 253 NIfTI volumes and 253 metadata rows.
2026-08-06 12:09:07 | INFO    | datasets.loader | Built manifest: 253 images across 253 patients.
2026-08-06 12:09:07 | INFO    | training.pipeline | Manifest: 253 images, 253 patients, classes=['no pCR', 'pCR']
2026-08-06 12:09:07 | INFO    | datasets.split | Split: 177 train / 38 val / 38 test patients (177 / 38 / 38 images)
2026-08-06 12:09:28 | INFO    | models.image_encoder | ImageEncoder(resnet50) built: out_dim=512, freeze=True
2026-08-06 12:09:28 | INFO    | models.unimodal | UnimodalModel built: image_dim=512 hidden=[128] classes=2
2026-08-06 12:09:28 | INFO    | training.feature_cache | Loaded feature cache 'resnet50_224' with 253 entries.
2026-08-06 12:09:29 | INFO    | training.trainer | Epoch 1/30 | train loss 0.6913 acc 0.627 | val loss 0.6920 acc 0.684 auc 0.577
2026-08-06 12:09:41 | INFO    | training.trainer | Epoch 2/30 | train loss 0.6803 acc 0.633 | val loss 0.6916 acc 0.632 auc 0.580
2026-08-06 12:09:47 | INFO    | training.trainer | Epoch 3/30 | train loss 0.6805 acc 0.638 | val loss 0.6901 acc 0.658 auc 0.548
2026-08-06 12:09:48 | INFO    | training.trainer | Epoch 4/30 | train loss 0.6760 acc 0.672 | val loss 0.6888 acc 0.658 auc 0.561
2026-08-06 12:09:48 | INFO    | training.trainer | Epoch 5/30 | train loss 0.6692 acc 0.701 | val loss 0.6869 acc 0.632 auc 0.577
2026-08-06 12:09:49 | INFO    | training.trainer | Epoch 6/30 | train loss 0.6607 acc 0.689 | val loss 0.6852 acc 0.605 auc 0.587
2026-08-06 12:09:54 | INFO    | training.trainer | Epoch 7/30 | train loss 0.6552 acc 0.734 | val loss 0.6844 acc 0.605 auc 0.577
2026-08-06 12:09:55 | INFO    | training.trainer | Epoch 8/30 | train loss 0.6522 acc 0.706 | val loss 0.6842 acc 0.684 auc 0.574
2026-08-06 12:09:56 | INFO    | training.trainer | Epoch 9/30 | train loss 0.6509 acc 0.712 | val loss 0.6845 acc 0.684 auc 0.567
2026-08-06 12:09:56 | INFO    | training.trainer | Epoch 10/30 | train loss 0.6431 acc 0.740 | val loss 0.6835 acc 0.632 auc 0.561
2026-08-06 12:09:57 | INFO    | training.trainer | Epoch 11/30 | train loss 0.6452 acc 0.712 | val loss 0.6846 acc 0.684 auc 0.558
2026-08-06 12:09:58 | INFO    | training.trainer | Epoch 12/30 | train loss 0.6467 acc 0.678 | val loss 0.6827 acc 0.605 auc 0.571
2026-08-06 12:10:01 | INFO    | training.trainer | Epoch 13/30 | train loss 0.6354 acc 0.678 | val loss 0.6822 acc 0.605 auc 0.571
2026-08-06 12:10:04 | INFO    | training.trainer | Epoch 14/30 | train loss 0.6390 acc 0.718 | val loss 0.6840 acc 0.684 auc 0.564
2026-08-06 12:10:04 | INFO    | training.trainer | Early stopping triggered after epoch 14.
2026-08-06 12:10:07 | INFO    | training.pipeline | Test: accuracy=0.526 f1=0.504 auc=0.500
2026-08-06 12:10:14 | INFO    | evaluation.report | Saved 3 figures to outputs/figures
2026-08-06 12:10:14 | INFO    | evaluation.report | Saved summary to outputs
